// 同步 ID: 8dd3b79f @ Sat Jul 18 16:21:46 UTC 2026
// 同步 ID: ad8f83ec @ Sat Jul 18 17:51:44 UTC 2026
// 重构日志: 4df5b482
// 同步 ID: a2aa02a5 @ Sun Jul 19 05:11:51 UTC 2026
// 重构日志: 9f92024d
// 同步 ID: af98e589 @ Sun Jul 19 12:50:53 UTC 2026
// 重构日志: ae218055
// 重构日志: f2f09793
// 重构日志: 4246b35b
// 重构日志: 516f7fde
// 重构日志: ba8f9a04
// 重构日志: ac67aeda
// 重构日志: 204c3348
// 重构日志: beadb843
// 同步 ID: 312a04da @ Thu Jul 23 02:09:33 UTC 2026
// 同步 ID: 7923362a @ Thu Jul 23 16:34:45 UTC 2026
// 重构日志: 98c24fe9
// 重构日志: f96be90e
// 重构日志: 547a2ebb
// 重构日志: e11c3698
// 重构日志: 66c6e35a
// 重构日志: 1624db5d
// 重构日志: 6efc28ba
// 重构日志: 27b0ec0d
// 重构日志: 4978c1d6
// 重构日志: bcd6b3ab
// 重构日志: eebe1a4e
// 同步 ID: 8a792d9b @ Wed Jul 29 04:53:45 UTC 2026
// 重构日志: cc03b2a0
// 同步 ID: 1223a7d6 @ Wed Jul 29 11:40:11 UTC 2026
// 重构日志: fa83f95e
